[?25l   Buildkite Agents                                          
                                                             
  1 agent                                                    
                                                             
connected  test agent    (v0.0.0)    default                 
                                                             
                                                             
  ↑/k up • ↓/j down • s stop • S force stop • q quit • ? more[0D[2K[?25h[?1002l[?1003l[?1006l